-- start_ignore
-- end_ignore
-- @description query02 test S3 Select access to CSV with headers and no compression
--
SELECT l_orderkey, l_quantity, l_shipmode, l_comment FROM s3select_csv
WHERE l_orderkey IN ('194', '82756')
ORDER BY l_orderkey;
 l_orderkey | l_quantity | l_shipmode |               l_comment                
------------+------------+------------+----------------------------------------
        194 |      17.00 | AIR        |  regular deposi
        194 |       1.00 | REG AIR    |  regular theodolites. regular, iron
        194 |      13.00 | AIR        | about the blit
        194 |      36.00 | RAIL       | pecial packages wake after the slyly r
        194 |       8.00 | FOB        | uriously unusual excuses
        194 |      16.00 | TRUCK      | y regular requests. furious
        194 |      21.00 | REG AIR    | accounts detect quickly dogged 
      82756 |      33.00 | MAIL       | ve fluffily. slyly regular re
      82756 |      29.00 | AIR        | unts are blithely 
      82756 |      45.00 | TRUCK      | nding requests could ha
      82756 |      39.00 | MAIL       | special ideas use after the slyly
      82756 |      20.00 | SHIP       | lar depths. bold deposits alongside o
(12 rows)
