-- @description query03 for PXF proxy test on small data

-- start_matchsubs
--
-- m/You are now connected.*/
-- s/.*//g
--
-- m/.*inode=.*/
-- s/inode=.*?:-rwx/inode=SOME_PATH:-rwx/g
--
-- m#pxf://(tmp/)?pxf_automation_data(/[^ ]*)?/proxy/[0-9A-Za-z._-]+/data.txt#
-- s#pxf://(tmp/)?pxf_automation_data(/[^ ]*)?/proxy/[0-9A-Za-z._-]+/data.txt#pxf://pxf_automation_data/proxy/OTHER_USER/data.txt#
--
-- m/^NOTICE:.*/
-- s/^NOTICE:.*/GP_IGNORE: NOTICE/
--
-- m/DETAIL/
-- s/DETAIL/CONTEXT/
--
-- m/CONTEXT:.*line.*/
-- s/line \d* of //g
--
-- end_matchsubs

GRANT ALL ON TABLE pxf_proxy_small_data_prohibited TO PUBLIC;
GRANT
\set OLD_GP_USER :USER
DROP ROLE IF EXISTS testuser;
DROP ROLE
CREATE ROLE testuser LOGIN;
CREATE ROLE
\connect - testuser
SELECT * FROM pxf_proxy_small_data_prohibited ORDER BY name;
ERROR:  PXF server error : Permission denied: user=testuser, access=READ, inode=SOME_PATH:-rwx------
HINT:  Check the PXF logs located in the '/home/gpadmin/pxf-base/logs' directory on host '0.0.0.0' or 'set client_min_messages=LOG' for additional details.
CONTEXT:  External table pxf_proxy_small_data_prohibited, line 1 of pxf://pxf_automation_data/proxy/OTHER_USER/data.txt?PROFILE=hdfs:text: ""
\connect - :OLD_GP_USER
DROP ROLE IF EXISTS testuser;
DROP ROLE
