--- @description query01 for PXF hive column count mismatch

-- start_matchsubs
--                                                                                               
-- # create a match/subs
--
-- m/   description   .*/
-- s/description   .*/description   DESCRIPTION/
--
-- m/DETAIL/
-- s/DETAIL/CONTEXT/
--
-- m/CONTEXT:.*line.*/
-- s/line \d* of //g
--
-- end_matchsubs
SELECT * from pxf_hive_small_data ORDER BY t1;
ERROR:  PXF server error : column 's2' does not exist in the Hive schema or Hive Partition
HINT:  Ensure the column or partition exists and check the name spelling and case. Check the PXF logs located in the '/home/gpadmin/pxf-base/logs' directory on host '0.0.0.0' or 'set client_min_messages=LOG' for additional details.
CONTEXT:  External table pxf_hive_small_data, line 1 of pxf://hive_rc_table?PROFILE=HiveRC: ""
